../Core/Src/main.c:49:6:set_dir	16	static
../Core/Src/main.c:55:6:start_steps	24	static
../Core/Src/main.c:77:6:stop_steps	16	static
../Core/Src/main.c:107:5:main	40	static
../Core/Src/main.c:243:6:SystemClock_Config	128	static
../Core/Src/main.c:292:13:MX_TIM2_Init	48	static
../Core/Src/main.c:363:13:MX_USART1_UART_Init	8	static
../Core/Src/main.c:398:13:MX_GPIO_Init	56	static
../Core/Src/main.c:502:6:HAL_TIM_PeriodElapsedCallback	16	static
../Core/Src/main.c:520:6:Error_Handler	8	static,ignoring_inline_asm
